Renesas Optimizing Linker (W3.07.00 )             22-Dec-2025 14:39:15

*** Options ***

-subcommand=DefaultBuild\1st\IMU_CODE_V1.0.clnk
-Input=DefaultBuild\cstart.obj
-Input=DefaultBuild\stkinit.obj
-Input=DefaultBuild\1st\r_systeminit.obj
-Input=DefaultBuild\1st\r_cg_cgc.obj
-Input=DefaultBuild\1st\r_cg_cgc_user.obj
-Input=DefaultBuild\1st\r_cg_port.obj
-Input=DefaultBuild\1st\r_cg_port_user.obj
-Input=DefaultBuild\1st\r_cg_serial.obj
-Input=DefaultBuild\1st\r_cg_serial_user.obj
-Input=DefaultBuild\1st\r_cg_adc.obj
-Input=DefaultBuild\1st\r_cg_adc_user.obj
-Input=DefaultBuild\1st\realMain.obj
-Input=DefaultBuild\1st\rscan_a.obj
-Input=DefaultBuild\1st\rscan_p.obj
-Input=DefaultBuild\1st\franken_functions.obj
-SECURITY_ID=00000000000000000000
-DEVICE=C:\Program Files (x86)\Renesas Electronics\CS+\CC\Device\RL78\Devicefile\DR5F10PPJ.DVF
-NODEBug
-NOOPtimize
-OUtput=DefaultBuild\1st\IMU_CODE_V1.0.abs
-LIBrary=C:\Program Files (x86)\Renesas Electronics\CS+\CC\CC-RL\V1.15.01\lib\rl78em4s99.lib
-LIBrary=C:\Program Files (x86)\Renesas Electronics\CS+\CC\CC-RL\V1.15.01\lib\malloc_n.lib
-LIBrary=C:\Program Files (x86)\Renesas Electronics\CS+\CC\CC-RL\V1.15.01\lib\rl78em4r.lib
-OCDBG=84
-USER_OPT_BYTE=E9FFF8
-OCDTR
-LISt=DefaultBuild\1st\IMU_CODE_V1.0.map
-VFINFO=DefaultBuild\IMU_CODE_V1.0_vfi.h(callt,near,rom_forbid,far_forbid)
-AUTO_SECTION_LAYOUT
-ROm=.data=.dataR
-ROm=.sdata=.sdataR
-NOMessage
-MEMory=High
-NOLOgo
-end

*** Error information ***

*** Mapping List ***

SECTION                            START      END         SIZE   ALIGN
.vect
                                  00000000  0000007f        80   0
.constf
                                  00000080  00000080         0   2
.sdata
                                  00000080  00000080         0   2
.option_byte
                                  000000c0  000000c3         4   1
.security_id
                                  000000c4  000000cd         a   1
.SLIB
                                  000000c4  000000c4         0   1
.data
                                  000000ce  00000149        7c   2
.text
                                  0000014a  00000257       10e   1
.RLIB
                                  00000258  0000049c       245   1
.const
                                  00003000  0000317b       17c   2
.textf
                                  0000317c  00007ff4      4e79   1
.bss
                                  000fb500  000fb50a         b   2
.dataR
                                  000fb50c  000fb587        7c   2
.sbss
                                  000ffe20  000ffe20         0   2
.sdataR
                                  000ffe20  000ffe20         0   2
