Renesas Optimizing Linker (W3.03.00 )             19-Dec-2025 12:16:27

*** Options ***

-MAKEUD=DefaultBuild\IMU_CODE_V1.0.lk.ud
-subcommand=DefaultBuild\IMU_CODE_V1.0.clnk
-Input=DefaultBuild\cstart.obj
-Input=DefaultBuild\stkinit.obj
-Input=DefaultBuild\r_systeminit.obj
-Input=DefaultBuild\r_cg_cgc.obj
-Input=DefaultBuild\r_cg_cgc_user.obj
-Input=DefaultBuild\r_cg_port.obj
-Input=DefaultBuild\r_cg_port_user.obj
-Input=DefaultBuild\r_cg_serial.obj
-Input=DefaultBuild\r_cg_serial_user.obj
-Input=DefaultBuild\r_cg_adc.obj
-Input=DefaultBuild\r_cg_adc_user.obj
-Input=DefaultBuild\can_user.obj
-Input=DefaultBuild\realMain.obj
-Input=DefaultBuild\rscan_a.obj
-Input=DefaultBuild\rscan_p.obj
-Input=DefaultBuild\standardports_p.obj
-Input=DefaultBuild\franken_functions.obj
-SECURITY_ID=00000000000000000000
-DEVICE=C:\Program Files (x86)\Renesas Electronics\CS+\CC\Device\RL78\Devicefile\DR5F10PPJ.DVF
-DEBug
-NOCOmpress
-NOOPtimize
-OUtput=DefaultBuild\IMU_CODE_V1.0.abs
-LIBrary=C:\Program Files (x86)\Renesas Electronics\CS+\CC\CC-RL\V1.10.00\lib\rl78em4s99.lib
-LIBrary=C:\Program Files (x86)\Renesas Electronics\CS+\CC\CC-RL\V1.10.00\lib\malloc_n.lib
-LIBrary=C:\Program Files (x86)\Renesas Electronics\CS+\CC\CC-RL\V1.10.00\lib\rl78em4r.lib
-OCDBG=84
-DEBUG_MONITOR=3FE00-3FFFF
-USER_OPT_BYTE=E9FFF8
-OCDTR
-LISt=DefaultBuild\IMU_CODE_V1.0.map
-AUTO_SECTION_LAYOUT
-ROm=.data=.dataR
-ROm=.sdata=.sdataR
-NOMessage
-MEMory=High
-NOLOgo
-end

*** Error information ***

*** Mapping List ***

SECTION                            START      END         SIZE   ALIGN
.vect
                                  00000000  0000007f        80   0
.constf
                                  00000080  00000080         0   2
.sdata
                                  00000080  00000080         0   2
.option_byte
                                  000000c0  000000c3         4   1
.security_id
                                  000000c4  000000cd         a   1
.SLIB
                                  000000c4  000000c4         0   1
.monitor1
                                  000000ce  000000d7         a   1
.data
                                  000000d8  0000016f        98   2
.text
                                  00000170  0000025b        ec   1
.RLIB
                                  0000025c  0000048f       234   1
.const
                                  00003000  00003126       127   2
.textf
                                  00003127  00006a09      38e3   1
.monitor2
                                  0003fe00  0003ffff       200   1
.bss
                                  000fb500  000fb50a         b   2
.dataR
                                  000fb50c  000fb5a3        98   2
.sbss
                                  000ffe20  000ffe20         0   2
.sdataR
                                  000ffe20  000ffe20         0   2
