Renesas Optimizing Linker (W3.03.00 )             18-Dec-2025 12:46:01

*** Options ***

-MAKEUD=DefaultBuild\IMU_CODE_V1.0.lk.ud
-subcommand=DefaultBuild\IMU_CODE_V1.0.clnk
-Input=DefaultBuild\cstart.obj
-Input=DefaultBuild\stkinit.obj
-Input=DefaultBuild\r_main.obj
-Input=DefaultBuild\r_systeminit.obj
-Input=DefaultBuild\r_cg_cgc.obj
-Input=DefaultBuild\r_cg_cgc_user.obj
-Input=DefaultBuild\r_cg_port.obj
-Input=DefaultBuild\r_cg_port_user.obj
-Input=DefaultBuild\r_cg_serial.obj
-Input=DefaultBuild\r_cg_serial_user.obj
-Input=DefaultBuild\r_cg_adc.obj
-Input=DefaultBuild\r_cg_adc_user.obj
-Input=DefaultBuild\can_user.obj
-Input=DefaultBuild\realMain.obj
-Input=DefaultBuild\rscan_a.obj
-Input=DefaultBuild\rscan_p.obj
-SECURITY_ID=00000000000000000000
-DEVICE=C:\Program Files (x86)\Renesas Electronics\CS+\CC\Device\RL78\Devicefile\DR5F10PPJ.DVF
-DEBug
-NOCOmpress
-NOOPtimize
-OUtput=DefaultBuild\IMU_CODE_V1.0.abs
-LIBrary=C:\Program Files (x86)\Renesas Electronics\CS+\CC\CC-RL\V1.10.00\lib\rl78em4s99.lib
-LIBrary=C:\Program Files (x86)\Renesas Electronics\CS+\CC\CC-RL\V1.10.00\lib\malloc_n.lib
-LIBrary=C:\Program Files (x86)\Renesas Electronics\CS+\CC\CC-RL\V1.10.00\lib\rl78em4r.lib
-OCDBG=84
-DEBUG_MONITOR=3FE00-3FFFF
-USER_OPT_BYTE=E9FFF8
-OCDTR
-LISt=DefaultBuild\IMU_CODE_V1.0.map
-AUTO_SECTION_LAYOUT
-ROm=.data=.dataR
-ROm=.sdata=.sdataR
-NOMessage
-MEMory=High
-NOLOgo
-end

*** Error information ***

E0562300:Duplicate symbol "_test_mode_button" in "DefaultBuild\can_user.obj"
