Renesas Optimizing Linker (W3.07.00 )             22-Dec-2025 14:37:27

*** Options ***

-MAKEUD=DefaultBuild\IMU_CODE_V1.0.lk.ud
-subcommand=DefaultBuild\IMU_CODE_V1.0.clnk
-Input=DefaultBuild\cstart.obj
-Input=DefaultBuild\stkinit.obj
-Input=DefaultBuild\r_systeminit.obj
-Input=DefaultBuild\r_cg_cgc.obj
-Input=DefaultBuild\r_cg_cgc_user.obj
-Input=DefaultBuild\r_cg_port.obj
-Input=DefaultBuild\r_cg_port_user.obj
-Input=DefaultBuild\r_cg_serial.obj
-Input=DefaultBuild\r_cg_serial_user.obj
-Input=DefaultBuild\r_cg_adc.obj
-Input=DefaultBuild\r_cg_adc_user.obj
-Input=DefaultBuild\realMain.obj
-Input=DefaultBuild\rscan_a.obj
-Input=DefaultBuild\rscan_p.obj
-Input=DefaultBuild\franken_functions.obj
-SECURITY_ID=00000000000000000000
-DEVICE=C:\Program Files (x86)\Renesas Electronics\CS+\CC\Device\RL78\Devicefile\DR5F10PPJ.DVF
-DEBug
-NOCOmpress
-NOOPtimize
-OUtput=DefaultBuild\IMU_CODE_V1.0.abs
-LIBrary=C:\Program Files (x86)\Renesas Electronics\CS+\CC\CC-RL\V1.15.01\lib\rl78em4s99.lib
-LIBrary=C:\Program Files (x86)\Renesas Electronics\CS+\CC\CC-RL\V1.15.01\lib\malloc_n.lib
-LIBrary=C:\Program Files (x86)\Renesas Electronics\CS+\CC\CC-RL\V1.15.01\lib\rl78em4r.lib
-OCDBG=84
-USER_OPT_BYTE=E9FFF8
-OCDTR
-LISt=DefaultBuild\IMU_CODE_V1.0.map
-AUTO_SECTION_LAYOUT
-ROm=.data=.dataR
-ROm=.sdata=.sdataR
-NOMessage
-MEMory=High
-NOLOgo
-end

*** Error information ***

*** Mapping List ***

SECTION                            START      END         SIZE   ALIGN
.vect
                                  00000000  0000007f        80   0
.callt0
                                  00000080  000000bd        3e   2
.constf
                                  00000080  00000080         0   2
.option_byte
                                  000000c0  000000c3         4   1
.security_id
                                  000000c4  000000cd         a   1
.SLIB
                                  000000c4  000000c4         0   1
.data
                                  000000ce  00000139        6c   2
.sdata
                                  0000013a  00000149        10   2
.textf
                                  0000014a  00001fe4      1e9b   1
.RLIB
                                  00001fe5  00002229       245   1
.const
                                  00003000  0000317b       17c   2
.text
                                  0000317c  00006142      2fc7   1
.bss
                                  000fb500  000fb500         1   2
.dataR
                                  000fb502  000fb56d        6c   2
.sbss
                                  000ffe20  000ffe29         a   2
.sdataR
                                  000ffe2a  000ffe39        10   2
